
> client@0.0.0 build
> tsc -b && vite build

[36mvite v8.0.3 [32mbuilding client environment for production...[36m[39m
[2Ktransforming...✓ 1922 modules transformed.
[31m✗[39m Build failed in 1.11s
[31merror during build:
[31mBuild failed with 40 errors:

[plugin vite:css] G:/careerforge_v2/client/src/features/auth-pages/auth-pages.module.css:undefined:NaN
Error: [postcss] It looks like you're trying to use `tailwindcss` directly as a PostCSS plugin. The PostCSS plugin has moved to a separate package, so to continue using Tailwind CSS with PostCSS you'll need to install `@tailwindcss/postcss` and update your PostCSS configuration.
    at ft (G:\careerforge_v2\client\node_modules\tailwindcss\dist\lib.js:38:1643)
    at LazyResult.runOnRoot (G:\careerforge_v2\client\node_modules\postcss\lib\lazy-result.js:361:16)
    at LazyResult.runAsync (G:\careerforge_v2\client\node_modules\postcss\lib\lazy-result.js:290:26)
    at LazyResult.async (G:\careerforge_v2\client\node_modules\postcss\lib\lazy-result.js:192:30)
    at LazyResult.then (G:\careerforge_v2\client\node_modules\postcss\lib\lazy-result.js:436:17)
[plugin vite:css] G:/careerforge_v2/client/src/shared/components/ErrorBoundary/GlobalErrorBoundary.module.css:undefined:NaN
Error: [postcss] It looks like you're trying to use `tailwindcss` directly as a PostCSS plugin. The PostCSS plugin has moved to a separate package, so to continue using Tailwind CSS with PostCSS you'll need to install `@tailwindcss/postcss` and update your PostCSS configuration.
    at ft (G:\careerforge_v2\client\node_modules\tailwindcss\dist\lib.js:38:1643)
    at LazyResult.runOnRoot (G:\careerforge_v2\client\node_modules\postcss\lib\lazy-result.js:361:16)
    at LazyResult.runAsync (G:\careerforge_v2\client\node_modules\postcss\lib\lazy-result.js:290:26)
    at LazyResult.async (G:\careerforge_v2\client\node_modules\postcss\lib\lazy-result.js:192:30)
    at LazyResult.then (G:\careerforge_v2\client\node_modules\postcss\lib\lazy-result.js:436:17)
[plugin vite:css] G:/careerforge_v2/client/src/features/not-found/NotFoundPage.module.css:undefined:NaN
Error: [postcss] It looks like you're trying to use `tailwindcss` directly as a PostCSS plugin. The PostCSS plugin has moved to a separate package, so to continue using Tailwind CSS with PostCSS you'll need to install `@tailwindcss/postcss` and update your PostCSS configuration.
    at ft (G:\careerforge_v2\client\node_modules\tailwindcss\dist\lib.js:38:1643)
    at LazyResult.runOnRoot (G:\careerforge_v2\client\node_modules\postcss\lib\lazy-result.js:361:16)
    at LazyResult.runAsync (G:\careerforge_v2\client\node_modules\postcss\lib\lazy-result.js:290:26)
    at LazyResult.async (G:\careerforge_v2\client\node_modules\postcss\lib\lazy-result.js:192:30)
    at LazyResult.then (G:\careerforge_v2\client\node_modules\postcss\lib\lazy-result.js:436:17)
[plugin vite:css] G:/careerforge_v2/client/src/shared/components/Navbar/Navbar.module.css:undefined:NaN
Error: [postcss] It looks like you're trying to use `tailwindcss` directly as a PostCSS plugin. The PostCSS plugin has moved to a separate package, so to continue using Tailwind CSS with PostCSS you'll need to install `@tailwindcss/postcss` and update your PostCSS configuration.
    at ft (G:\careerforge_v2\client\node_modules\tailwindcss\dist\lib.js:38:1643)
    at LazyResult.runOnRoot (G:\careerforge_v2\client\node_modules\postcss\lib\lazy-result.js:361:16)
    at LazyResult.runAsync (G:\careerforge_v2\client\node_modules\postcss\lib\lazy-result.js:290:26)
    at LazyResult.async (G:\careerforge_v2\client\node_modules\postcss\lib\lazy-result.js:192:30)
    at LazyResult.then (G:\careerforge_v2\client\node_modules\postcss\lib\lazy-result.js:436:17)
[plugin vite:css] G:/careerforge_v2/client/src/features/templates/TemplatesPage.module.css:undefined:NaN
Error: [postcss] It looks like you're trying to use `tailwindcss` directly as a PostCSS plugin. The PostCSS plugin has moved to a separate package, so to continue using Tailwind CSS with PostCSS you'll need to install `@tailwindcss/postcss` and update your PostCSS configuration.
    at ft (G:\careerforge_v2\client\node_modules\tailwindcss\dist\lib.js:38:1643)
    at LazyResult.runOnRoot (G:\careerforge_v2\client\node_modules\postcss\lib\lazy-result.js:361:16)
    at LazyResult.runAsync (G:\careerforge_v2\client\node_modules\postcss\lib\lazy-result.js:290:26)
    at LazyResult.async (G:\careerforge_v2\client\node_modules\postcss\lib\lazy-result.js:192:30)
    at LazyResult.then (G:\careerforge_v2\client\node_modules\postcss\lib\lazy-result.js:436:17)
...[31m
    at aggregateBindingErrorsIntoJsError (file:///G:/careerforge_v2/client/node_modules/rolldown/dist/shared/error-BLhcSyeg.mjs:48:18)
    at unwrapBindingResult (file:///G:/careerforge_v2/client/node_modules/rolldown/dist/shared/error-BLhcSyeg.mjs:18:128)
    at #build (file:///G:/careerforge_v2/client/node_modules/rolldown/dist/shared/rolldown-build-CPrIX9V6.mjs:3313:34)
    at async buildEnvironment (file:///G:/careerforge_v2/client/node_modules/vite/dist/node/chunks/node.js:32849:64)
    at async Object.build (file:///G:/careerforge_v2/client/node_modules/vite/dist/node/chunks/node.js:33271:19)
    at async Object.buildApp (file:///G:/careerforge_v2/client/node_modules/vite/dist/node/chunks/node.js:33268:153)
    at async CAC.<anonymous> (file:///G:/careerforge_v2/client/node_modules/vite/dist/node/cli.js:778:3) {
  errors: [Getter/Setter]
}[39m
